// Jest Snapshot v1, https://goo.gl/fbAQLP

exports[`nQueens should place queens without threatening each other 1`] = `[]`;

exports[`nQueens should place queens without threatening each other 2`] = `
[
  "---------
| |♕| | |
---------
| | | |♕|
---------
|♕| | | |
---------
| | |♕| |
---------",
  "---------
| | |♕| |
---------
|♕| | | |
---------
| | | |♕|
---------
| |♕| | |
---------",
]
`;

exports[`nQueens should place queens without threatening each other 3`] = `
[
  "-----------
|♕| | | | |
-----------
| | |♕| | |
-----------
| | | | |♕|
-----------
| |♕| | | |
-----------
| | | |♕| |
-----------",
  "-----------
|♕| | | | |
-----------
| | | |♕| |
-----------
| |♕| | | |
-----------
| | | | |♕|
-----------
| | |♕| | |
-----------",
  "-----------
| |♕| | | |
-----------
| | | |♕| |
-----------
|♕| | | | |
-----------
| | |♕| | |
-----------
| | | | |♕|
-----------",
  "-----------
| |♕| | | |
-----------
| | | | |♕|
-----------
| | |♕| | |
-----------
|♕| | | | |
-----------
| | | |♕| |
-----------",
  "-----------
| | |♕| | |
-----------
|♕| | | | |
-----------
| | | |♕| |
-----------
| |♕| | | |
-----------
| | | | |♕|
-----------",
  "-----------
| | |♕| | |
-----------
| | | | |♕|
-----------
| |♕| | | |
-----------
| | | |♕| |
-----------
|♕| | | | |
-----------",
  "-----------
| | | |♕| |
-----------
|♕| | | | |
-----------
| | |♕| | |
-----------
| | | | |♕|
-----------
| |♕| | | |
-----------",
  "-----------
| | | |♕| |
-----------
| |♕| | | |
-----------
| | | | |♕|
-----------
| | |♕| | |
-----------
|♕| | | | |
-----------",
  "-----------
| | | | |♕|
-----------
| |♕| | | |
-----------
| | | |♕| |
-----------
|♕| | | | |
-----------
| | |♕| | |
-----------",
  "-----------
| | | | |♕|
-----------
| | |♕| | |
-----------
|♕| | | | |
-----------
| | | |♕| |
-----------
| |♕| | | |
-----------",
]
`;

exports[`nQueens should place queens without threatening each other 4`] = `
[
  "-------------
| |♕| | | | |
-------------
| | | |♕| | |
-------------
| | | | | |♕|
-------------
|♕| | | | | |
-------------
| | |♕| | | |
-------------
| | | | |♕| |
-------------",
  "-------------
| | |♕| | | |
-------------
| | | | | |♕|
-------------
| |♕| | | | |
-------------
| | | | |♕| |
-------------
|♕| | | | | |
-------------
| | | |♕| | |
-------------",
  "-------------
| | | |♕| | |
-------------
|♕| | | | | |
-------------
| | | | |♕| |
-------------
| |♕| | | | |
-------------
| | | | | |♕|
-------------
| | |♕| | | |
-------------",
  "-------------
| | | | |♕| |
-------------
| | |♕| | | |
-------------
|♕| | | | | |
-------------
| | | | | |♕|
-------------
| | | |♕| | |
-------------
| |♕| | | | |
-------------",
]
`;

exports[`nQueens should place queens without threatening each other 5`] = `
[
  "---------------
|♕| | | | | | |
---------------
| | |♕| | | | |
---------------
| | | | |♕| | |
---------------
| | | | | | |♕|
---------------
| |♕| | | | | |
---------------
| | | |♕| | | |
---------------
| | | | | |♕| |
---------------",
  "---------------
|♕| | | | | | |
---------------
| | | |♕| | | |
---------------
| | | | | | |♕|
---------------
| | |♕| | | | |
---------------
| | | | | |♕| |
---------------
| |♕| | | | | |
---------------
| | | | |♕| | |
---------------",
  "---------------
|♕| | | | | | |
---------------
| | | | |♕| | |
---------------
| |♕| | | | | |
---------------
| | | | | |♕| |
---------------
| | |♕| | | | |
---------------
| | | | | | |♕|
---------------
| | | |♕| | | |
---------------",
  "---------------
|♕| | | | | | |
---------------
| | | | | |♕| |
---------------
| | | |♕| | | |
---------------
| |♕| | | | | |
---------------
| | | | | | |♕|
---------------
| | | | |♕| | |
---------------
| | |♕| | | | |
---------------",
  "---------------
| |♕| | | | | |
---------------
| | | |♕| | | |
---------------
|♕| | | | | | |
---------------
| | | | | | |♕|
---------------
| | | | |♕| | |
---------------
| | |♕| | | | |
---------------
| | | | | |♕| |
---------------",
  "---------------
| |♕| | | | | |
---------------
| | | |♕| | | |
---------------
| | | | | |♕| |
---------------
|♕| | | | | | |
---------------
| | |♕| | | | |
---------------
| | | | |♕| | |
---------------
| | | | | | |♕|
---------------",
  "---------------
| |♕| | | | | |
---------------
| | | | |♕| | |
---------------
|♕| | | | | | |
---------------
| | | |♕| | | |
---------------
| | | | | | |♕|
---------------
| | |♕| | | | |
---------------
| | | | | |♕| |
---------------",
  "---------------
| |♕| | | | | |
---------------
| | | | |♕| | |
---------------
| | |♕| | | | |
---------------
|♕| | | | | | |
---------------
| | | | | | |♕|
---------------
| | | |♕| | | |
---------------
| | | | | |♕| |
---------------",
  "---------------
| |♕| | | | | |
---------------
| | | | |♕| | |
---------------
| | | | | | |♕|
---------------
| | | |♕| | | |
---------------
|♕| | | | | | |
---------------
| | |♕| | | | |
---------------
| | | | | |♕| |
---------------",
  "---------------
| |♕| | | | | |
---------------
| | | | | |♕| |
---------------
| | |♕| | | | |
---------------
| | | | | | |♕|
---------------
| | | |♕| | | |
---------------
|♕| | | | | | |
---------------
| | | | |♕| | |
---------------",
  "---------------
| |♕| | | | | |
---------------
| | | | | | |♕|
---------------
| | | | |♕| | |
---------------
| | |♕| | | | |
---------------
|♕| | | | | | |
---------------
| | | | | |♕| |
---------------
| | | |♕| | | |
---------------",
  "---------------
| | |♕| | | | |
---------------
|♕| | | | | | |
---------------
| | | | | |♕| |
---------------
| |♕| | | | | |
---------------
| | | | |♕| | |
---------------
| | | | | | |♕|
---------------
| | | |♕| | | |
---------------",
  "---------------
| | |♕| | | | |
---------------
|♕| | | | | | |
---------------
| | | | | |♕| |
---------------
| | | |♕| | | |
---------------
| |♕| | | | | |
---------------
| | | | | | |♕|
---------------
| | | | |♕| | |
---------------",
  "---------------
| | |♕| | | | |
---------------
| | | | |♕| | |
---------------
| | | | | | |♕|
---------------
| |♕| | | | | |
---------------
| | | |♕| | | |
---------------
| | | | | |♕| |
---------------
|♕| | | | | | |
---------------",
  "---------------
| | |♕| | | | |
---------------
| | | | | |♕| |
---------------
| |♕| | | | | |
---------------
| | | | |♕| | |
---------------
|♕| | | | | | |
---------------
| | | |♕| | | |
---------------
| | | | | | |♕|
---------------",
  "---------------
| | |♕| | | | |
---------------
| | | | | | |♕|
---------------
| |♕| | | | | |
---------------
| | | |♕| | | |
---------------
| | | | | |♕| |
---------------
|♕| | | | | | |
---------------
| | | | |♕| | |
---------------",
  "---------------
| | |♕| | | | |
---------------
| | | | | | |♕|
---------------
| | | |♕| | | |
---------------
|♕| | | | | | |
---------------
| | | | |♕| | |
---------------
| |♕| | | | | |
---------------
| | | | | |♕| |
---------------",
  "---------------
| | | |♕| | | |
---------------
|♕| | | | | | |
---------------
| | |♕| | | | |
---------------
| | | | | |♕| |
---------------
| |♕| | | | | |
---------------
| | | | | | |♕|
---------------
| | | | |♕| | |
---------------",
  "---------------
| | | |♕| | | |
---------------
|♕| | | | | | |
---------------
| | | | |♕| | |
---------------
| |♕| | | | | |
---------------
| | | | | |♕| |
---------------
| | |♕| | | | |
---------------
| | | | | | |♕|
---------------",
  "---------------
| | | |♕| | | |
---------------
| |♕| | | | | |
---------------
| | | | | | |♕|
---------------
| | | | |♕| | |
---------------
| | |♕| | | | |
---------------
|♕| | | | | | |
---------------
| | | | | |♕| |
---------------",
  "---------------
| | | |♕| | | |
---------------
| | | | | |♕| |
---------------
|♕| | | | | | |
---------------
| | |♕| | | | |
---------------
| | | | |♕| | |
---------------
| | | | | | |♕|
---------------
| |♕| | | | | |
---------------",
  "---------------
| | | |♕| | | |
---------------
| | | | | | |♕|
---------------
| | |♕| | | | |
---------------
| | | | | |♕| |
---------------
| |♕| | | | | |
---------------
| | | | |♕| | |
---------------
|♕| | | | | | |
---------------",
  "---------------
| | | |♕| | | |
---------------
| | | | | | |♕|
---------------
| | | | |♕| | |
---------------
| |♕| | | | | |
---------------
| | | | | |♕| |
---------------
|♕| | | | | | |
---------------
| | |♕| | | | |
---------------",
  "---------------
| | | | |♕| | |
---------------
|♕| | | | | | |
---------------
| | | |♕| | | |
---------------
| | | | | | |♕|
---------------
| | |♕| | | | |
---------------
| | | | | |♕| |
---------------
| |♕| | | | | |
---------------",
  "---------------
| | | | |♕| | |
---------------
|♕| | | | | | |
---------------
| | | | | |♕| |
---------------
| | | |♕| | | |
---------------
| |♕| | | | | |
---------------
| | | | | | |♕|
---------------
| | |♕| | | | |
---------------",
  "---------------
| | | | |♕| | |
---------------
| |♕| | | | | |
---------------
| | | | | |♕| |
---------------
| | |♕| | | | |
---------------
| | | | | | |♕|
---------------
| | | |♕| | | |
---------------
|♕| | | | | | |
---------------",
  "---------------
| | | | |♕| | |
---------------
| | |♕| | | | |
---------------
|♕| | | | | | |
---------------
| | | | | |♕| |
---------------
| | | |♕| | | |
---------------
| |♕| | | | | |
---------------
| | | | | | |♕|
---------------",
  "---------------
| | | | |♕| | |
---------------
| | | | | | |♕|
---------------
| |♕| | | | | |
---------------
| | | |♕| | | |
---------------
| | | | | |♕| |
---------------
|♕| | | | | | |
---------------
| | |♕| | | | |
---------------",
  "---------------
| | | | |♕| | |
---------------
| | | | | | |♕|
---------------
| |♕| | | | | |
---------------
| | | | | |♕| |
---------------
| | |♕| | | | |
---------------
|♕| | | | | | |
---------------
| | | |♕| | | |
---------------",
  "---------------
| | | | | |♕| |
---------------
|♕| | | | | | |
---------------
| | |♕| | | | |
---------------
| | | | |♕| | |
---------------
| | | | | | |♕|
---------------
| |♕| | | | | |
---------------
| | | |♕| | | |
---------------",
  "---------------
| | | | | |♕| |
---------------
| |♕| | | | | |
---------------
| | | | |♕| | |
---------------
|♕| | | | | | |
---------------
| | | |♕| | | |
---------------
| | | | | | |♕|
---------------
| | |♕| | | | |
---------------",
  "---------------
| | | | | |♕| |
---------------
| | |♕| | | | |
---------------
|♕| | | | | | |
---------------
| | | |♕| | | |
---------------
| | | | | | |♕|
---------------
| | | | |♕| | |
---------------
| |♕| | | | | |
---------------",
  "---------------
| | | | | |♕| |
---------------
| | |♕| | | | |
---------------
| | | | |♕| | |
---------------
| | | | | | |♕|
---------------
|♕| | | | | | |
---------------
| | | |♕| | | |
---------------
| |♕| | | | | |
---------------",
  "---------------
| | | | | |♕| |
---------------
| | |♕| | | | |
---------------
| | | | | | |♕|
---------------
| | | |♕| | | |
---------------
|♕| | | | | | |
---------------
| | | | |♕| | |
---------------
| |♕| | | | | |
---------------",
  "---------------
| | | | | |♕| |
---------------
| | | |♕| | | |
---------------
| |♕| | | | | |
---------------
| | | | | | |♕|
---------------
| | | | |♕| | |
---------------
| | |♕| | | | |
---------------
|♕| | | | | | |
---------------",
  "---------------
| | | | | |♕| |
---------------
| | | |♕| | | |
---------------
| | | | | | |♕|
---------------
|♕| | | | | | |
---------------
| | |♕| | | | |
---------------
| | | | |♕| | |
---------------
| |♕| | | | | |
---------------",
  "---------------
| | | | | | |♕|
---------------
| |♕| | | | | |
---------------
| | | |♕| | | |
---------------
| | | | | |♕| |
---------------
|♕| | | | | | |
---------------
| | |♕| | | | |
---------------
| | | | |♕| | |
---------------",
  "---------------
| | | | | | |♕|
---------------
| | |♕| | | | |
---------------
| | | | | |♕| |
---------------
| |♕| | | | | |
---------------
| | | | |♕| | |
---------------
|♕| | | | | | |
---------------
| | | |♕| | | |
---------------",
  "---------------
| | | | | | |♕|
---------------
| | | |♕| | | |
---------------
|♕| | | | | | |
---------------
| | | | |♕| | |
---------------
| |♕| | | | | |
---------------
| | | | | |♕| |
---------------
| | |♕| | | | |
---------------",
  "---------------
| | | | | | |♕|
---------------
| | | | |♕| | |
---------------
| | |♕| | | | |
---------------
|♕| | | | | | |
---------------
| | | | | |♕| |
---------------
| | | |♕| | | |
---------------
| |♕| | | | | |
---------------",
]
`;

exports[`nQueens should place queens without threatening each other 6`] = `
[
  "-----------------
|♕| | | | | | | |
-----------------
| | | | |♕| | | |
-----------------
| | | | | | | |♕|
-----------------
| | | | | |♕| | |
-----------------
| | |♕| | | | | |
-----------------
| | | | | | |♕| |
-----------------
| |♕| | | | | | |
-----------------
| | | |♕| | | | |
-----------------",
  "-----------------
|♕| | | | | | | |
-----------------
| | | | | |♕| | |
-----------------
| | | | | | | |♕|
-----------------
| | |♕| | | | | |
-----------------
| | | | | | |♕| |
-----------------
| | | |♕| | | | |
-----------------
| |♕| | | | | | |
-----------------
| | | | |♕| | | |
-----------------",
  "-----------------
|♕| | | | | | | |
-----------------
| | | | | | |♕| |
-----------------
| | | |♕| | | | |
-----------------
| | | | | |♕| | |
-----------------
| | | | | | | |♕|
-----------------
| |♕| | | | | | |
-----------------
| | | | |♕| | | |
-----------------
| | |♕| | | | | |
-----------------",
  "-----------------
|♕| | | | | | | |
-----------------
| | | | | | |♕| |
-----------------
| | | | |♕| | | |
-----------------
| | | | | | | |♕|
-----------------
| |♕| | | | | | |
-----------------
| | | |♕| | | | |
-----------------
| | | | | |♕| | |
-----------------
| | |♕| | | | | |
-----------------",
  "-----------------
| |♕| | | | | | |
-----------------
| | | |♕| | | | |
-----------------
| | | | | |♕| | |
-----------------
| | | | | | | |♕|
-----------------
| | |♕| | | | | |
-----------------
|♕| | | | | | | |
-----------------
| | | | | | |♕| |
-----------------
| | | | |♕| | | |
-----------------",
  "-----------------
| |♕| | | | | | |
-----------------
| | | | |♕| | | |
-----------------
| | | | | | |♕| |
-----------------
|♕| | | | | | | |
-----------------
| | |♕| | | | | |
-----------------
| | | | | | | |♕|
-----------------
| | | | | |♕| | |
-----------------
| | | |♕| | | | |
-----------------",
  "-----------------
| |♕| | | | | | |
-----------------
| | | | |♕| | | |
-----------------
| | | | | | |♕| |
-----------------
| | | |♕| | | | |
-----------------
|♕| | | | | | | |
-----------------
| | | | | | | |♕|
-----------------
| | | | | |♕| | |
-----------------
| | |♕| | | | | |
-----------------",
  "-----------------
| |♕| | | | | | |
-----------------
| | | | | |♕| | |
-----------------
|♕| | | | | | | |
-----------------
| | | | | | |♕| |
-----------------
| | | |♕| | | | |
-----------------
| | | | | | | |♕|
-----------------
| | |♕| | | | | |
-----------------
| | | | |♕| | | |
-----------------",
  "-----------------
| |♕| | | | | | |
-----------------
| | | | | |♕| | |
-----------------
| | | | | | | |♕|
-----------------
| | |♕| | | | | |
-----------------
|♕| | | | | | | |
-----------------
| | | |♕| | | | |
-----------------
| | | | | | |♕| |
-----------------
| | | | |♕| | | |
-----------------",
  "-----------------
| |♕| | | | | | |
-----------------
| | | | | | |♕| |
-----------------
| | |♕| | | | | |
-----------------
| | | | | |♕| | |
-----------------
| | | | | | | |♕|
-----------------
| | | | |♕| | | |
-----------------
|♕| | | | | | | |
-----------------
| | | |♕| | | | |
-----------------",
  "-----------------
| |♕| | | | | | |
-----------------
| | | | | | |♕| |
-----------------
| | | | |♕| | | |
-----------------
| | | | | | | |♕|
-----------------
|♕| | | | | | | |
-----------------
| | | |♕| | | | |
-----------------
| | | | | |♕| | |
-----------------
| | |♕| | | | | |
-----------------",
  "-----------------
| |♕| | | | | | |
-----------------
| | | | | | | |♕|
-----------------
| | | | | |♕| | |
-----------------
|♕| | | | | | | |
-----------------
| | |♕| | | | | |
-----------------
| | | | |♕| | | |
-----------------
| | | | | | |♕| |
-----------------
| | | |♕| | | | |
-----------------",
  "-----------------
| | |♕| | | | | |
-----------------
|♕| | | | | | | |
-----------------
| | | | | | |♕| |
-----------------
| | | | |♕| | | |
-----------------
| | | | | | | |♕|
-----------------
| |♕| | | | | | |
-----------------
| | | |♕| | | | |
-----------------
| | | | | |♕| | |
-----------------",
  "-----------------
| | |♕| | | | | |
-----------------
| | | | |♕| | | |
-----------------
| |♕| | | | | | |
-----------------
| | | | | | | |♕|
-----------------
|♕| | | | | | | |
-----------------
| | | | | | |♕| |
-----------------
| | | |♕| | | | |
-----------------
| | | | | |♕| | |
-----------------",
  "-----------------
| | |♕| | | | | |
-----------------
| | | | |♕| | | |
-----------------
| |♕| | | | | | |
-----------------
| | | | | | | |♕|
-----------------
| | | | | |♕| | |
-----------------
| | | |♕| | | | |
-----------------
| | | | | | |♕| |
-----------------
|♕| | | | | | | |
-----------------",
  "-----------------
| | |♕| | | | | |
-----------------
| | | | |♕| | | |
-----------------
| | | | | | |♕| |
-----------------
|♕| | | | | | | |
-----------------
| | | |♕| | | | |
-----------------
| |♕| | | | | | |
-----------------
| | | | | | | |♕|
-----------------
| | | | | |♕| | |
-----------------",
  "-----------------
| | |♕| | | | | |
-----------------
| | | | |♕| | | |
-----------------
| | | | | | | |♕|
-----------------
| | | |♕| | | | |
-----------------
|♕| | | | | | | |
-----------------
| | | | | | |♕| |
-----------------
| |♕| | | | | | |
-----------------
| | | | | |♕| | |
-----------------",
  "-----------------
| | |♕| | | | | |
-----------------
| | | | | |♕| | |
-----------------
| |♕| | | | | | |
-----------------
| | | | |♕| | | |
-----------------
| | | | | | | |♕|
-----------------
|♕| | | | | | | |
-----------------
| | | | | | |♕| |
-----------------
| | | |♕| | | | |
-----------------",
  "-----------------
| | |♕| | | | | |
-----------------
| | | | | |♕| | |
-----------------
| |♕| | | | | | |
-----------------
| | | | | | |♕| |
-----------------
|♕| | | | | | | |
-----------------
| | | |♕| | | | |
-----------------
| | | | | | | |♕|
-----------------
| | | | |♕| | | |
-----------------",
  "-----------------
| | |♕| | | | | |
-----------------
| | | | | |♕| | |
-----------------
| |♕| | | | | | |
-----------------
| | | | | | |♕| |
-----------------
| | | | |♕| | | |
-----------------
|♕| | | | | | | |
-----------------
| | | | | | | |♕|
-----------------
| | | |♕| | | | |
-----------------",
  "-----------------
| | |♕| | | | | |
-----------------
| | | | | |♕| | |
-----------------
| | | |♕| | | | |
-----------------
|♕| | | | | | | |
-----------------
| | | | | | | |♕|
-----------------
| | | | |♕| | | |
-----------------
| | | | | | |♕| |
-----------------
| |♕| | | | | | |
-----------------",
  "-----------------
| | |♕| | | | | |
-----------------
| | | | | |♕| | |
-----------------
| | | |♕| | | | |
-----------------
| |♕| | | | | | |
-----------------
| | | | | | | |♕|
-----------------
| | | | |♕| | | |
-----------------
| | | | | | |♕| |
-----------------
|♕| | | | | | | |
-----------------",
  "-----------------
| | |♕| | | | | |
-----------------
| | | | | |♕| | |
-----------------
| | | | | | | |♕|
-----------------
|♕| | | | | | | |
-----------------
| | | |♕| | | | |
-----------------
| | | | | | |♕| |
-----------------
| | | | |♕| | | |
-----------------
| |♕| | | | | | |
-----------------",
  "-----------------
| | |♕| | | | | |
-----------------
| | | | | |♕| | |
-----------------
| | | | | | | |♕|
-----------------
|♕| | | | | | | |
-----------------
| | | | |♕| | | |
-----------------
| | | | | | |♕| |
-----------------
| |♕| | | | | | |
-----------------
| | | |♕| | | | |
-----------------",
  "-----------------
| | |♕| | | | | |
-----------------
| | | | | |♕| | |
-----------------
| | | | | | | |♕|
-----------------
| |♕| | | | | | |
-----------------
| | | |♕| | | | |
-----------------
|♕| | | | | | | |
-----------------
| | | | | | |♕| |
-----------------
| | | | |♕| | | |
-----------------",
  "-----------------
| | |♕| | | | | |
-----------------
| | | | | | |♕| |
-----------------
| |♕| | | | | | |
-----------------
| | | | | | | |♕|
-----------------
| | | | |♕| | | |
-----------------
|♕| | | | | | | |
-----------------
| | | |♕| | | | |
-----------------
| | | | | |♕| | |
-----------------",
  "-----------------
| | |♕| | | | | |
-----------------
| | | | | | |♕| |
-----------------
| |♕| | | | | | |
-----------------
| | | | | | | |♕|
-----------------
| | | | | |♕| | |
-----------------
| | | |♕| | | | |
-----------------
|♕| | | | | | | |
-----------------
| | | | |♕| | | |
-----------------",
  "-----------------
| | |♕| | | | | |
-----------------
| | | | | | | |♕|
-----------------
| | | |♕| | | | |
-----------------
| | | | | | |♕| |
-----------------
|♕| | | | | | | |
-----------------
| | | | | |♕| | |
-----------------
| |♕| | | | | | |
-----------------
| | | | |♕| | | |
-----------------",
  "-----------------
| | | |♕| | | | |
-----------------
|♕| | | | | | | |
-----------------
| | | | |♕| | | |
-----------------
| | | | | | | |♕|
-----------------
| |♕| | | | | | |
-----------------
| | | | | | |♕| |
-----------------
| | |♕| | | | | |
-----------------
| | | | | |♕| | |
-----------------",
  "-----------------
| | | |♕| | | | |
-----------------
|♕| | | | | | | |
-----------------
| | | | |♕| | | |
-----------------
| | | | | | | |♕|
-----------------
| | | | | |♕| | |
-----------------
| | |♕| | | | | |
-----------------
| | | | | | |♕| |
-----------------
| |♕| | | | | | |
-----------------",
  "-----------------
| | | |♕| | | | |
-----------------
| |♕| | | | | | |
-----------------
| | | | |♕| | | |
-----------------
| | | | | | | |♕|
-----------------
| | | | | |♕| | |
-----------------
|♕| | | | | | | |
-----------------
| | |♕| | | | | |
-----------------
| | | | | | |♕| |
-----------------",
  "-----------------
| | | |♕| | | | |
-----------------
| |♕| | | | | | |
-----------------
| | | | | | |♕| |
-----------------
| | |♕| | | | | |
-----------------
| | | | | |♕| | |
-----------------
| | | | | | | |♕|
-----------------
|♕| | | | | | | |
-----------------
| | | | |♕| | | |
-----------------",
  "-----------------
| | | |♕| | | | |
-----------------
| |♕| | | | | | |
-----------------
| | | | | | |♕| |
-----------------
| | |♕| | | | | |
-----------------
| | | | | |♕| | |
-----------------
| | | | | | | |♕|
-----------------
| | | | |♕| | | |
-----------------
|♕| | | | | | | |
-----------------",
  "-----------------
| | | |♕| | | | |
-----------------
| |♕| | | | | | |
-----------------
| | | | | | |♕| |
-----------------
| | | | |♕| | | |
-----------------
|♕| | | | | | | |
-----------------
| | | | | | | |♕|
-----------------
| | | | | |♕| | |
-----------------
| | |♕| | | | | |
-----------------",
  "-----------------
| | | |♕| | | | |
-----------------
| |♕| | | | | | |
-----------------
| | | | | | | |♕|
-----------------
| | | | |♕| | | |
-----------------
| | | | | | |♕| |
-----------------
|♕| | | | | | | |
-----------------
| | |♕| | | | | |
-----------------
| | | | | |♕| | |
-----------------",
  "-----------------
| | | |♕| | | | |
-----------------
| |♕| | | | | | |
-----------------
| | | | | | | |♕|
-----------------
| | | | | |♕| | |
-----------------
|♕| | | | | | | |
-----------------
| | |♕| | | | | |
-----------------
| | | | |♕| | | |
-----------------
| | | | | | |♕| |
-----------------",
  "-----------------
| | | |♕| | | | |
-----------------
| | | | | |♕| | |
-----------------
|♕| | | | | | | |
-----------------
| | | | |♕| | | |
-----------------
| |♕| | | | | | |
-----------------
| | | | | | | |♕|
-----------------
| | |♕| | | | | |
-----------------
| | | | | | |♕| |
-----------------",
  "-----------------
| | | |♕| | | | |
-----------------
| | | | | |♕| | |
-----------------
| | | | | | | |♕|
-----------------
| |♕| | | | | | |
-----------------
| | | | | | |♕| |
-----------------
|♕| | | | | | | |
-----------------
| | |♕| | | | | |
-----------------
| | | | |♕| | | |
-----------------",
  "-----------------
| | | |♕| | | | |
-----------------
| | | | | |♕| | |
-----------------
| | | | | | | |♕|
-----------------
| | |♕| | | | | |
-----------------
|♕| | | | | | | |
-----------------
| | | | | | |♕| |
-----------------
| | | | |♕| | | |
-----------------
| |♕| | | | | | |
-----------------",
  "-----------------
| | | |♕| | | | |
-----------------
| | | | | | |♕| |
-----------------
|♕| | | | | | | |
-----------------
| | | | | | | |♕|
-----------------
| | | | |♕| | | |
-----------------
| |♕| | | | | | |
-----------------
| | | | | |♕| | |
-----------------
| | |♕| | | | | |
-----------------",
  "-----------------
| | | |♕| | | | |
-----------------
| | | | | | |♕| |
-----------------
| | |♕| | | | | |
-----------------
| | | | | | | |♕|
-----------------
| |♕| | | | | | |
-----------------
| | | | |♕| | | |
-----------------
|♕| | | | | | | |
-----------------
| | | | | |♕| | |
-----------------",
  "-----------------
| | | |♕| | | | |
-----------------
| | | | | | |♕| |
-----------------
| | | | |♕| | | |
-----------------
| |♕| | | | | | |
-----------------
| | | | | |♕| | |
-----------------
|♕| | | | | | | |
-----------------
| | |♕| | | | | |
-----------------
| | | | | | | |♕|
-----------------",
  "-----------------
| | | |♕| | | | |
-----------------
| | | | | | |♕| |
-----------------
| | | | |♕| | | |
-----------------
| | |♕| | | | | |
-----------------
|♕| | | | | | | |
-----------------
| | | | | |♕| | |
-----------------
| | | | | | | |♕|
-----------------
| |♕| | | | | | |
-----------------",
  "-----------------
| | | |♕| | | | |
-----------------
| | | | | | | |♕|
-----------------
|♕| | | | | | | |
-----------------
| | |♕| | | | | |
-----------------
| | | | | |♕| | |
-----------------
| |♕| | | | | | |
-----------------
| | | | | | |♕| |
-----------------
| | | | |♕| | | |
-----------------",
  "-----------------
| | | |♕| | | | |
-----------------
| | | | | | | |♕|
-----------------
|♕| | | | | | | |
-----------------
| | | | |♕| | | |
-----------------
| | | | | | |♕| |
-----------------
| |♕| | | | | | |
-----------------
| | | | | |♕| | |
-----------------
| | |♕| | | | | |
-----------------",
  "-----------------
| | | |♕| | | | |
-----------------
| | | | | | | |♕|
-----------------
| | | | |♕| | | |
-----------------
| | |♕| | | | | |
-----------------
|♕| | | | | | | |
-----------------
| | | | | | |♕| |
-----------------
| |♕| | | | | | |
-----------------
| | | | | |♕| | |
-----------------",
  "-----------------
| | | | |♕| | | |
-----------------
|♕| | | | | | | |
-----------------
| | | |♕| | | | |
-----------------
| | | | | |♕| | |
-----------------
| | | | | | | |♕|
-----------------
| |♕| | | | | | |
-----------------
| | | | | | |♕| |
-----------------
| | |♕| | | | | |
-----------------",
  "-----------------
| | | | |♕| | | |
-----------------
|♕| | | | | | | |
-----------------
| | | | | | | |♕|
-----------------
| | | |♕| | | | |
-----------------
| |♕| | | | | | |
-----------------
| | | | | | |♕| |
-----------------
| | |♕| | | | | |
-----------------
| | | | | |♕| | |
-----------------",
  "-----------------
| | | | |♕| | | |
-----------------
|♕| | | | | | | |
-----------------
| | | | | | | |♕|
-----------------
| | | | | |♕| | |
-----------------
| | |♕| | | | | |
-----------------
| | | | | | |♕| |
-----------------
| |♕| | | | | | |
-----------------
| | | |♕| | | | |
-----------------",
  "-----------------
| | | | |♕| | | |
-----------------
| |♕| | | | | | |
-----------------
| | | |♕| | | | |
-----------------
| | | | | |♕| | |
-----------------
| | | | | | | |♕|
-----------------
| | |♕| | | | | |
-----------------
|♕| | | | | | | |
-----------------
| | | | | | |♕| |
-----------------",
  "-----------------
| | | | |♕| | | |
-----------------
| |♕| | | | | | |
-----------------
| | | |♕| | | | |
-----------------
| | | | | | |♕| |
-----------------
| | |♕| | | | | |
-----------------
| | | | | | | |♕|
-----------------
| | | | | |♕| | |
-----------------
|♕| | | | | | | |
-----------------",
  "-----------------
| | | | |♕| | | |
-----------------
| |♕| | | | | | |
-----------------
| | | | | |♕| | |
-----------------
|♕| | | | | | | |
-----------------
| | | | | | |♕| |
-----------------
| | | |♕| | | | |
-----------------
| | | | | | | |♕|
-----------------
| | |♕| | | | | |
-----------------",
  "-----------------
| | | | |♕| | | |
-----------------
| |♕| | | | | | |
-----------------
| | | | | | | |♕|
-----------------
|♕| | | | | | | |
-----------------
| | | |♕| | | | |
-----------------
| | | | | | |♕| |
-----------------
| | |♕| | | | | |
-----------------
| | | | | |♕| | |
-----------------",
  "-----------------
| | | | |♕| | | |
-----------------
| | |♕| | | | | |
-----------------
|♕| | | | | | | |
-----------------
| | | | | |♕| | |
-----------------
| | | | | | | |♕|
-----------------
| |♕| | | | | | |
-----------------
| | | |♕| | | | |
-----------------
| | | | | | |♕| |
-----------------",
  "-----------------
| | | | |♕| | | |
-----------------
| | |♕| | | | | |
-----------------
|♕| | | | | | | |
-----------------
| | | | | | |♕| |
-----------------
| |♕| | | | | | |
-----------------
| | | | | | | |♕|
-----------------
| | | | | |♕| | |
-----------------
| | | |♕| | | | |
-----------------",
  "-----------------
| | | | |♕| | | |
-----------------
| | |♕| | | | | |
-----------------
| | | | | | | |♕|
-----------------
| | | |♕| | | | |
-----------------
| | | | | | |♕| |
-----------------
|♕| | | | | | | |
-----------------
| | | | | |♕| | |
-----------------
| |♕| | | | | | |
-----------------",
  "-----------------
| | | | |♕| | | |
-----------------
| | | | | | |♕| |
-----------------
|♕| | | | | | | |
-----------------
| | |♕| | | | | |
-----------------
| | | | | | | |♕|
-----------------
| | | | | |♕| | |
-----------------
| | | |♕| | | | |
-----------------
| |♕| | | | | | |
-----------------",
  "-----------------
| | | | |♕| | | |
-----------------
| | | | | | |♕| |
-----------------
|♕| | | | | | | |
-----------------
| | | |♕| | | | |
-----------------
| |♕| | | | | | |
-----------------
| | | | | | | |♕|
-----------------
| | | | | |♕| | |
-----------------
| | |♕| | | | | |
-----------------",
  "-----------------
| | | | |♕| | | |
-----------------
| | | | | | |♕| |
-----------------
| |♕| | | | | | |
-----------------
| | | |♕| | | | |
-----------------
| | | | | | | |♕|
-----------------
|♕| | | | | | | |
-----------------
| | |♕| | | | | |
-----------------
| | | | | |♕| | |
-----------------",
  "-----------------
| | | | |♕| | | |
-----------------
| | | | | | |♕| |
-----------------
| |♕| | | | | | |
-----------------
| | | | | |♕| | |
-----------------
| | |♕| | | | | |
-----------------
|♕| | | | | | | |
-----------------
| | | |♕| | | | |
-----------------
| | | | | | | |♕|
-----------------",
  "-----------------
| | | | |♕| | | |
-----------------
| | | | | | |♕| |
-----------------
| |♕| | | | | | |
-----------------
| | | | | |♕| | |
-----------------
| | |♕| | | | | |
-----------------
|♕| | | | | | | |
-----------------
| | | | | | | |♕|
-----------------
| | | |♕| | | | |
-----------------",
  "-----------------
| | | | |♕| | | |
-----------------
| | | | | | |♕| |
-----------------
| | | |♕| | | | |
-----------------
|♕| | | | | | | |
-----------------
| | |♕| | | | | |
-----------------
| | | | | | | |♕|
-----------------
| | | | | |♕| | |
-----------------
| |♕| | | | | | |
-----------------",
  "-----------------
| | | | |♕| | | |
-----------------
| | | | | | | |♕|
-----------------
| | | |♕| | | | |
-----------------
|♕| | | | | | | |
-----------------
| | |♕| | | | | |
-----------------
| | | | | |♕| | |
-----------------
| |♕| | | | | | |
-----------------
| | | | | | |♕| |
-----------------",
  "-----------------
| | | | |♕| | | |
-----------------
| | | | | | | |♕|
-----------------
| | | |♕| | | | |
-----------------
|♕| | | | | | | |
-----------------
| | | | | | |♕| |
-----------------
| |♕| | | | | | |
-----------------
| | | | | |♕| | |
-----------------
| | |♕| | | | | |
-----------------",
  "-----------------
| | | | | |♕| | |
-----------------
|♕| | | | | | | |
-----------------
| | | | |♕| | | |
-----------------
| |♕| | | | | | |
-----------------
| | | | | | | |♕|
-----------------
| | |♕| | | | | |
-----------------
| | | | | | |♕| |
-----------------
| | | |♕| | | | |
-----------------",
  "-----------------
| | | | | |♕| | |
-----------------
| |♕| | | | | | |
-----------------
| | | | | | |♕| |
-----------------
|♕| | | | | | | |
-----------------
| | |♕| | | | | |
-----------------
| | | | |♕| | | |
-----------------
| | | | | | | |♕|
-----------------
| | | |♕| | | | |
-----------------",
  "-----------------
| | | | | |♕| | |
-----------------
| |♕| | | | | | |
-----------------
| | | | | | |♕| |
-----------------
|♕| | | | | | | |
-----------------
| | | |♕| | | | |
-----------------
| | | | | | | |♕|
-----------------
| | | | |♕| | | |
-----------------
| | |♕| | | | | |
-----------------",
  "-----------------
| | | | | |♕| | |
-----------------
| | |♕| | | | | |
-----------------
|♕| | | | | | | |
-----------------
| | | | | | |♕| |
-----------------
| | | | |♕| | | |
-----------------
| | | | | | | |♕|
-----------------
| |♕| | | | | | |
-----------------
| | | |♕| | | | |
-----------------",
  "-----------------
| | | | | |♕| | |
-----------------
| | |♕| | | | | |
-----------------
|♕| | | | | | | |
-----------------
| | | | | | | |♕|
-----------------
| | | |♕| | | | |
-----------------
| |♕| | | | | | |
-----------------
| | | | | | |♕| |
-----------------
| | | | |♕| | | |
-----------------",
  "-----------------
| | | | | |♕| | |
-----------------
| | |♕| | | | | |
-----------------
|♕| | | | | | | |
-----------------
| | | | | | | |♕|
-----------------
| | | | |♕| | | |
-----------------
| |♕| | | | | | |
-----------------
| | | |♕| | | | |
-----------------
| | | | | | |♕| |
-----------------",
  "-----------------
| | | | | |♕| | |
-----------------
| | |♕| | | | | |
-----------------
| | | | |♕| | | |
-----------------
| | | | | | |♕| |
-----------------
|♕| | | | | | | |
-----------------
| | | |♕| | | | |
-----------------
| |♕| | | | | | |
-----------------
| | | | | | | |♕|
-----------------",
  "-----------------
| | | | | |♕| | |
-----------------
| | |♕| | | | | |
-----------------
| | | | |♕| | | |
-----------------
| | | | | | | |♕|
-----------------
|♕| | | | | | | |
-----------------
| | | |♕| | | | |
-----------------
| |♕| | | | | | |
-----------------
| | | | | | |♕| |
-----------------",
  "-----------------
| | | | | |♕| | |
-----------------
| | |♕| | | | | |
-----------------
| | | | | | |♕| |
-----------------
| |♕| | | | | | |
-----------------
| | | |♕| | | | |
-----------------
| | | | | | | |♕|
-----------------
|♕| | | | | | | |
-----------------
| | | | |♕| | | |
-----------------",
  "-----------------
| | | | | |♕| | |
-----------------
| | |♕| | | | | |
-----------------
| | | | | | |♕| |
-----------------
| |♕| | | | | | |
-----------------
| | | | | | | |♕|
-----------------
| | | | |♕| | | |
-----------------
|♕| | | | | | | |
-----------------
| | | |♕| | | | |
-----------------",
  "-----------------
| | | | | |♕| | |
-----------------
| | |♕| | | | | |
-----------------
| | | | | | |♕| |
-----------------
| | | |♕| | | | |
-----------------
|♕| | | | | | | |
-----------------
| | | | | | | |♕|
-----------------
| |♕| | | | | | |
-----------------
| | | | |♕| | | |
-----------------",
  "-----------------
| | | | | |♕| | |
-----------------
| | | |♕| | | | |
-----------------
|♕| | | | | | | |
-----------------
| | | | |♕| | | |
-----------------
| | | | | | | |♕|
-----------------
| |♕| | | | | | |
-----------------
| | | | | | |♕| |
-----------------
| | |♕| | | | | |
-----------------",
  "-----------------
| | | | | |♕| | |
-----------------
| | | |♕| | | | |
-----------------
| |♕| | | | | | |
-----------------
| | | | | | | |♕|
-----------------
| | | | |♕| | | |
-----------------
| | | | | | |♕| |
-----------------
|♕| | | | | | | |
-----------------
| | |♕| | | | | |
-----------------",
  "-----------------
| | | | | |♕| | |
-----------------
| | | |♕| | | | |
-----------------
| | | | | | |♕| |
-----------------
|♕| | | | | | | |
-----------------
| | |♕| | | | | |
-----------------
| | | | |♕| | | |
-----------------
| |♕| | | | | | |
-----------------
| | | | | | | |♕|
-----------------",
  "-----------------
| | | | | |♕| | |
-----------------
| | | |♕| | | | |
-----------------
| | | | | | |♕| |
-----------------
|♕| | | | | | | |
-----------------
| | | | | | | |♕|
-----------------
| |♕| | | | | | |
-----------------
| | | | |♕| | | |
-----------------
| | |♕| | | | | |
-----------------",
  "-----------------
| | | | | |♕| | |
-----------------
| | | | | | | |♕|
-----------------
| |♕| | | | | | |
-----------------
| | | |♕| | | | |
-----------------
|♕| | | | | | | |
-----------------
| | | | | | |♕| |
-----------------
| | | | |♕| | | |
-----------------
| | |♕| | | | | |
-----------------",
  "-----------------
| | | | | | |♕| |
-----------------
|♕| | | | | | | |
-----------------
| | |♕| | | | | |
-----------------
| | | | | | | |♕|
-----------------
| | | | | |♕| | |
-----------------
| | | |♕| | | | |
-----------------
| |♕| | | | | | |
-----------------
| | | | |♕| | | |
-----------------",
  "-----------------
| | | | | | |♕| |
-----------------
| |♕| | | | | | |
-----------------
| | | |♕| | | | |
-----------------
|♕| | | | | | | |
-----------------
| | | | | | | |♕|
-----------------
| | | | |♕| | | |
-----------------
| | |♕| | | | | |
-----------------
| | | | | |♕| | |
-----------------",
  "-----------------
| | | | | | |♕| |
-----------------
| |♕| | | | | | |
-----------------
| | | | | |♕| | |
-----------------
| | |♕| | | | | |
-----------------
|♕| | | | | | | |
-----------------
| | | |♕| | | | |
-----------------
| | | | | | | |♕|
-----------------
| | | | |♕| | | |
-----------------",
  "-----------------
| | | | | | |♕| |
-----------------
| | |♕| | | | | |
-----------------
|♕| | | | | | | |
-----------------
| | | | | |♕| | |
-----------------
| | | | | | | |♕|
-----------------
| | | | |♕| | | |
-----------------
| |♕| | | | | | |
-----------------
| | | |♕| | | | |
-----------------",
  "-----------------
| | | | | | |♕| |
-----------------
| | |♕| | | | | |
-----------------
| | | | | | | |♕|
-----------------
| |♕| | | | | | |
-----------------
| | | | |♕| | | |
-----------------
|♕| | | | | | | |
-----------------
| | | | | |♕| | |
-----------------
| | | |♕| | | | |
-----------------",
  "-----------------
| | | | | | |♕| |
-----------------
| | | |♕| | | | |
-----------------
| |♕| | | | | | |
-----------------
| | | | |♕| | | |
-----------------
| | | | | | | |♕|
-----------------
|♕| | | | | | | |
-----------------
| | |♕| | | | | |
-----------------
| | | | | |♕| | |
-----------------",
  "-----------------
| | | | | | |♕| |
-----------------
| | | |♕| | | | |
-----------------
| |♕| | | | | | |
-----------------
| | | | | | | |♕|
-----------------
| | | | | |♕| | |
-----------------
|♕| | | | | | | |
-----------------
| | |♕| | | | | |
-----------------
| | | | |♕| | | |
-----------------",
  "-----------------
| | | | | | |♕| |
-----------------
| | | | |♕| | | |
-----------------
| | |♕| | | | | |
-----------------
|♕| | | | | | | |
-----------------
| | | | | |♕| | |
-----------------
| | | | | | | |♕|
-----------------
| |♕| | | | | | |
-----------------
| | | |♕| | | | |
-----------------",
  "-----------------
| | | | | | | |♕|
-----------------
| |♕| | | | | | |
-----------------
| | | |♕| | | | |
-----------------
|♕| | | | | | | |
-----------------
| | | | | | |♕| |
-----------------
| | | | |♕| | | |
-----------------
| | |♕| | | | | |
-----------------
| | | | | |♕| | |
-----------------",
  "-----------------
| | | | | | | |♕|
-----------------
| |♕| | | | | | |
-----------------
| | | | |♕| | | |
-----------------
| | |♕| | | | | |
-----------------
|♕| | | | | | | |
-----------------
| | | | | | |♕| |
-----------------
| | | |♕| | | | |
-----------------
| | | | | |♕| | |
-----------------",
  "-----------------
| | | | | | | |♕|
-----------------
| | |♕| | | | | |
-----------------
|♕| | | | | | | |
-----------------
| | | | | |♕| | |
-----------------
| |♕| | | | | | |
-----------------
| | | | |♕| | | |
-----------------
| | | | | | |♕| |
-----------------
| | | |♕| | | | |
-----------------",
  "-----------------
| | | | | | | |♕|
-----------------
| | | |♕| | | | |
-----------------
|♕| | | | | | | |
-----------------
| | |♕| | | | | |
-----------------
| | | | | |♕| | |
-----------------
| |♕| | | | | | |
-----------------
| | | | | | |♕| |
-----------------
| | | | |♕| | | |
-----------------",
]
`;
